TAP version 13
# Subtest: preview confines files and symlinks, survives malformed URLs, and listens only on loopback
ok 1 - preview confines files and symlinks, survives malformed URLs, and listens only on loopback
  ---
  duration_ms: 118.9937
  type: 'test'
  ...
# Subtest: installer sends paths with spaces and shell characters as a single literal argument
ok 2 - installer sends paths with spaces and shell characters as a single literal argument
  ---
  duration_ms: 391.393
  type: 'test'
  ...
# Subtest: Windows npm native executable is found without invoking a command shell
ok 3 - Windows npm native executable is found without invoking a command shell
  ---
  duration_ms: 0.6549
  type: 'test'
  ...
# Subtest: uninstall does not stop at brackets inside a marketplace source string
ok 4 - uninstall does not stop at brackets inside a marketplace source string
  ---
  duration_ms: 0.5732
  type: 'test'
  ...
# Subtest: flag values do not become paths or study URLs
ok 5 - flag values do not become paths or study URLs
  ---
  duration_ms: 1.2514
  type: 'test'
  ...
1..5
# tests 5
# suites 0
# pass 5
# fail 0
# cancelled 0
# skipped 0
# todo 0
# duration_ms 877.5329
