TAP version 13
# Subtest: merged library retains all Atelier section IDs and both CLI entry points work
ok 1 - merged library retains all Atelier section IDs and both CLI entry points work
  ---
  duration_ms: 2093.9487
  type: 'test'
  ...
# Subtest: preview confines files and symlinks, survives malformed URLs, and listens only on loopback
ok 2 - preview confines files and symlinks, survives malformed URLs, and listens only on loopback
  ---
  duration_ms: 122.6838
  type: 'test'
  ...
# Subtest: installer sends paths with spaces and shell characters as a single literal argument
ok 3 - installer sends paths with spaces and shell characters as a single literal argument
  ---
  duration_ms: 393.1324
  type: 'test'
  ...
# Subtest: Windows npm native executable is found without invoking a command shell
ok 4 - Windows npm native executable is found without invoking a command shell
  ---
  duration_ms: 0.7039
  type: 'test'
  ...
# Subtest: uninstall does not stop at brackets inside a marketplace source string
ok 5 - uninstall does not stop at brackets inside a marketplace source string
  ---
  duration_ms: 0.5679
  type: 'test'
  ...
# Subtest: flag values do not become paths or study URLs
ok 6 - flag values do not become paths or study URLs
  ---
  duration_ms: 1.0659
  type: 'test'
  ...
1..6
# tests 6
# suites 0
# pass 6
# fail 0
# cancelled 0
# skipped 0
# todo 0
# duration_ms 2391.1199
