TAP version 13
# Subtest: sync build failure retries rather than retaining a rejected startup promise
ok 1 - sync build failure retries rather than retaining a rejected startup promise
  ---
  duration_ms: 5.4756
  type: 'test'
  ...
# Subtest: concurrent callers share startup and both wait for readiness
ok 2 - concurrent callers share startup and both wait for readiness
  ---
  duration_ms: 10.5437
  type: 'test'
  ...
# Subtest: exit before readiness rejects promptly and a fresh host can start
ok 3 - exit before readiness rejects promptly and a fresh host can start
  ---
  duration_ms: 3.0253
  type: 'test'
  ...
1..3
# tests 3
# suites 0
# pass 3
# fail 0
# cancelled 0
# skipped 0
# todo 0
# duration_ms 284.6613
