TAP version 13
# Subtest: checkpoint state machine
    # Subtest: initializes a bounded planned checkpoint
    ok 1 - initializes a bounded planned checkpoint
      ---
      duration_ms: 3.1396
      type: 'test'
      ...
    # Subtest: completes only after entering verification and recording passing evidence
    ok 2 - completes only after entering verification and recording passing evidence
      ---
      duration_ms: 1.5404
      type: 'test'
      ...
    # Subtest: counts each transition into running and rejects an exhausted retry
    ok 3 - counts each transition into running and rejects an exhausted retry
      ---
      duration_ms: 1.1025
      type: 'test'
      ...
    # Subtest: rejects illegal transitions, terminal mutation, and success without passing evidence
    ok 4 - rejects illegal transitions, terminal mutation, and success without passing evidence
      ---
      duration_ms: 0.952
      type: 'test'
      ...
    # Subtest: records evidence only while verifying
    ok 5 - records evidence only while verifying
      ---
      duration_ms: 0.4494
      type: 'test'
      ...
    # Subtest: validates positive attempt budgets and non-empty fields
    ok 6 - validates positive attempt budgets and non-empty fields
      ---
      duration_ms: 0.4865
      type: 'test'
      ...
    1..6
ok 1 - checkpoint state machine
  ---
  duration_ms: 10.3724
  type: 'suite'
  ...
# Subtest: checkpoint persistence
    # Subtest: round-trips a valid checkpoint through an atomic save
    ok 1 - round-trips a valid checkpoint through an atomic save
      ---
      duration_ms: 23.2067
      type: 'test'
      ...
    # Subtest: rejects malformed checkpoints with a useful field error
    ok 2 - rejects malformed checkpoints with a useful field error
      ---
      duration_ms: 4.4338
      type: 'test'
      ...
    # Subtest: does not rewrite the checkpoint when a transition is rejected
    ok 3 - does not rewrite the checkpoint when a transition is rejected
      ---
      duration_ms: 13.6517
      type: 'test'
      ...
    1..3
ok 2 - checkpoint persistence
  ---
  duration_ms: 43.4921
  type: 'suite'
  ...
# Subtest: RAG metrics
    # Subtest: calculates ranked retrieval and citation metrics at k
    ok 1 - calculates ranked retrieval and citation metrics at k
      ---
      duration_ms: 3.8809
      type: 'test'
      ...
    # Subtest: deduplicates retrieved IDs for metrics and reports invalid citations
    ok 2 - deduplicates retrieved IDs for metrics and reports invalid citations
      ---
      duration_ms: 0.4821
      type: 'test'
      ...
    # Subtest: uses null denominators for cases without relevant documents
    ok 3 - uses null denominators for cases without relevant documents
      ---
      duration_ms: 0.5496
      type: 'test'
      ...
    # Subtest: aggregates macro metrics over non-null denominators and counts diagnostics
    ok 4 - aggregates macro metrics over non-null denominators and counts diagnostics
      ---
      duration_ms: 0.996
      type: 'test'
      ...
    1..4
ok 3 - RAG metrics
  ---
  duration_ms: 8.1756
  type: 'suite'
  ...
# Subtest: RAG input and output
    # Subtest: parses JSONL, tolerates blank lines, and reports line-specific errors
    ok 1 - parses JSONL, tolerates blank lines, and reports line-specific errors
      ---
      duration_ms: 3.2032
      type: 'test'
      ...
    # Subtest: formats a readable Markdown report
    ok 2 - formats a readable Markdown report
      ---
      duration_ms: 1.1261
      type: 'test'
      ...
    1..2
ok 4 - RAG input and output
  ---
  duration_ms: 4.8393
  type: 'suite'
  ...
# Subtest: RAG CLI
    # Subtest: emits JSON and uses exit code 1 when a threshold is not met
    ok 1 - emits JSON and uses exit code 1 when a threshold is not met
      ---
      duration_ms: 151.946
      type: 'test'
      ...
    # Subtest: rejects invalid k with exit code 2
    ok 2 - rejects invalid k with exit code 2
      ---
      duration_ms: 120.4958
      type: 'test'
      ...
    1..2
ok 5 - RAG CLI
  ---
  duration_ms: 273.4431
  type: 'suite'
  ...
1..5
# tests 17
# suites 5
# pass 17
# fail 0
# cancelled 0
# skipped 0
# todo 0
# duration_ms 499.782
